// Jest Snapshot v1, https://goo.gl/fbAQLP

exports[`compares packages between two directories 1`] = `
Array [
  Object {
    "ctx": Object {
      "name": "psr/http-message",
      "section": "require",
      "version": "^1.5",
    },
    "kind": "pkg_version",
    "name": "psr/http-message",
    "score": "minor",
  },
  Object {
    "ctx": "require",
    "kind": "missing_pkg",
    "name": "spatie/macroable",
    "score": 0,
  },
  Object {
    "ctx": "require-dev",
    "kind": "missing_pkg",
    "name": "vimeo/psalm",
    "score": 0,
  },
]
`;

exports[`compares scripts between two directories 1`] = `
Array [
  Object {
    "ctx": Object {
      "command": "vendor/bin/phpunit --coverage-html coverage",
      "name": "test-coverage",
    },
    "kind": "pkg_script",
    "name": "test-coverage",
    "score": 0,
  },
  Object {
    "ctx": Object {
      "command": "vendor/bin/php-cs-fixer fix --allow-risky=yes",
      "name": "format",
    },
    "kind": "pkg_script",
    "name": "format",
    "score": 0,
  },
]
`;
