// Jest Snapshot v1, https://goo.gl/fbAQLP

exports[`prints a repository's issues 1`] = `
"┌───────────────┬────────┬─────────────────────────────────────────────┬──────────────────────────────┐
│ issue         │ score  │ filename                                    │ fixers                       │
│ ------------  │ -----  │ ------------------------------------------  │ ---------------------------  │
│ [38;2;125;211;252mmissing_file[39m  │ -      │ [38;2;125;211;252mtestfile1.txt[39m                               │ [38;2;74;222;128mcreate-file[39m, [38;2;96;165;250mpsalm[39m, [38;2;252;165;165mmerge-f[39m… │
└───────────────┴────────┴─────────────────────────────────────────────┴──────────────────────────────┘"
`;

exports[`prints a summary of fixers 1`] = `
"┌──────────────────┬────────┬───────────────────────────────────────────────────────────────────────────┐
│ fixer name       │ type   │ description                                                               │
│ ---------------  │ -----  │ ------------------------------------------------------------------------  │
│ create-file      │        │ copies a file from the skeleton repository into the package repository.   │
│ [38;2;252;165;165mmerge-files[39m      │ [38;2;252;165;165mrisky[39m  │ merges the contents of both the skeleton and package versions of a file.  │
│ [38;2;96;165;250mpsalm[39m            │ [38;2;96;165;250mmulti[39m  │ creates all missing psalm-related files and installs all psalm composer   │
│                  │        │ scripts and dependencies.                                                 │
└──────────────────┴────────┴───────────────────────────────────────────────────────────────────────────┘"
`;

exports[`prints repository's fixed issues 1`] = `
"┌────────────────────────────────────────┬───────────────┬─────────────────────────────────────────────────────────────────┐
│ filename                               │ fixer         │ status                                                          │
│ -------------------------------------  │ ------------  │ --------------------------------------------------------------  │
│ [38;2;125;211;252mtestfile1.txt[39m                          │ create-file   │                                                                 │
└────────────────────────────────────────┴───────────────┴─────────────────────────────────────────────────────────────────┘"
`;
